<?xml version="1.0" encoding="utf-8"?>
<test-run id="2" testcasecount="1" result="Passed" total="1" passed="1" failed="0" inconclusive="0" skipped="0" asserts="0" engine-version="3.5.0.0" clr-version="4.0.30319.42000" start-time="2026-10-04 15:15:07Z" end-time="2026-10-04 15:15:07Z" duration="0.4038631">
  <test-suite type="TestSuite" id="1000" name="Project Kern" fullname="Project Kern" runstate="Runnable" testcasecount="2746" result="Passed" start-time="2026-10-04 15:15:07Z" end-time="2026-10-04 15:15:07Z" duration="0.403863" total="1" passed="1" failed="0" inconclusive="0" skipped="0" asserts="0">
    <properties>
      <property name="platform" value="EditMode" />
    </properties>
    <test-suite type="Assembly" id="3272" name="Kern.Tests.Editor.dll" fullname="/Users/murasama/Projects/games/Fodislop/Library/ScriptAssemblies/Kern.Tests.Editor.dll" runstate="Runnable" testcasecount="2044" result="Passed" start-time="2026-10-04 15:15:07Z" end-time="2026-10-04 15:15:07Z" duration="0.297342" total="1" passed="1" failed="0" inconclusive="0" skipped="0" asserts="0">
      <properties>
        <property name="_PID" value="5990" />
        <property name="_APPDOMAIN" value="Unity Child Domain" />
        <property name="platform" value="EditMode" />
        <property name="EditorOnly" value="True" />
      </properties>
      <test-suite type="TestSuite" id="3273" name="Kern" fullname="Kern" runstate="Runnable" testcasecount="2044" result="Passed" start-time="2026-10-04 15:15:07Z" end-time="2026-10-04 15:15:07Z" duration="0.291897" total="1" passed="1" failed="0" inconclusive="0" skipped="0" asserts="0">
        <properties />
        <test-suite type="TestSuite" id="3274" name="Tests" fullname="Kern.Tests" runstate="Runnable" testcasecount="2044" result="Passed" start-time="2026-10-04 15:15:07Z" end-time="2026-10-04 15:15:07Z" duration="0.287599" total="1" passed="1" failed="0" inconclusive="0" skipped="0" asserts="0">
          <properties />
          <test-suite type="TestSuite" id="3281" name="Networking" fullname="Kern.Tests.Networking" runstate="Runnable" testcasecount="150" result="Passed" start-time="2026-10-04 15:15:07Z" end-time="2026-10-04 15:15:07Z" duration="0.235037" total="1" passed="1" failed="0" inconclusive="0" skipped="0" asserts="0">
            <properties />
            <test-suite type="TestFixture" id="2962" name="DummyWorldSimulationStateTests" fullname="Kern.Tests.Networking.DummyWorldSimulationStateTests" classname="Kern.Tests.Networking.DummyWorldSimulationStateTests" runstate="Runnable" testcasecount="7" result="Passed" start-time="2026-10-04 15:15:07Z" end-time="2026-10-04 15:15:07Z" duration="0.230347" total="1" passed="1" failed="0" inconclusive="0" skipped="0" asserts="0">
              <properties />
              <test-case id="2968" name="CreateMovementSpeeds_ProvidesValidSpeedsForGameplayCellTypes" fullname="Kern.Tests.Networking.DummyWorldSimulationStateTests.CreateMovementSpeeds_ProvidesValidSpeedsForGameplayCellTypes" methodname="CreateMovementSpeeds_ProvidesValidSpeedsForGameplayCellTypes" classname="Kern.Tests.Networking.DummyWorldSimulationStateTests" runstate="Runnable" seed="1138518328" result="Passed" start-time="2026-10-04 15:15:07Z" end-time="2026-10-04 15:15:07Z" duration="0.171532" asserts="0">
                <properties>
                  <property name="retryIteration" value="0" />
                  <property name="repeatIteration" value="0" />
                </properties>
                <output><![CDATA[Saving results to: /Users/murasama/Library/Application Support/DefaultCompany/Project Kern/TestResults.xml
]]></output>
              </test-case>
            </test-suite>
          </test-suite>
        </test-suite>
      </test-suite>
    </test-suite>
  </test-suite>
</test-run>
